ESTIMATE of time to complete assignment: 10 hours

      Time     Time
Date  Started  Spent Work completed
----  -------  ----  ---------------
9/13   1:30pm  0:30  cloning repo, reading READMEs

9/15  12:30pm  0:30  reading lab0 , starting tour of go

9/16   2:40pm  2:00  worked on discussion questions and finished tour of go

9/16   6:20pm  1:15  wrote code to create the graph for the components
8/05   7:05pm  2:00  discovered and corrected two logical errors; code now
                     passes all tests except where choice is Yahtzee
8/07  11:00am  1:35  finished debugging; program passes all public tests
               ----
               7:55  TOTAL time spent

I discussed my solution with: Petey Salovey, Biddy Martin, and Biff Linnane
(and watched four episodes of Futurama).

Debugging the graph construction was difficult because the size of the
graph made it impossible to check by hand.  Using asserts helped
tremendously, as did counting the incoming and outgoing edges for
each vertex.  The other major problem was my use of two different variables
in the same function called _score and score.  The last bug ended up being
using one in place of the other; I now realize the danger of having two
variables with names varying only in punctuation -- since they both sound
the same when reading the code back in my head it was not obvious when
I was using the wrong one.